<?xml version="1.0" encoding="utf-8"?><testsuites><testsuite name="pytest" errors="0" failures="0" skipped="0" tests="312" time="6.388" timestamp="2025-12-06T02:15:17.525390+03:00" hostname="DESKTOP-IFVNP54"><testcase classname="tests.agents.test_agent.TestAgentInitialization" name="test_agent_initialization_success" time="0.007" /><testcase classname="tests.agents.test_agent.TestAgentInitialization" name="test_agent_initialization_with_tools" time="0.003" /><testcase classname="tests.agents.test_agent.TestAgentInitialization" name="test_agent_initialization_with_prompt" time="0.004" /><testcase classname="tests.agents.test_agent.TestAgentInitialization" name="test_agent_initialization_without_llm" time="0.003" /><testcase classname="tests.agents.test_agent.TestAgentInitialization" name="test_agent_initialization_tool_initialization_error" time="0.002" /><testcase classname="tests.agents.test_agent.TestAgentPlan" name="test_agent_plan_default_implementation" time="0.002" /><testcase classname="tests.agents.test_agent.TestAgentPlan" name="test_agent_plan_with_different_tasks" time="0.003" /><testcase classname="tests.agents.test_agent.TestAgentPlan" name="test_agent_create_basic_plan" time="0.003" /><testcase classname="tests.agents.test_agent.TestAgentPlan" name="test_agent_get_context" time="0.002" /><testcase classname="tests.agents.test_agent.TestAgentExecute" name="test_agent_execute_without_llm" time="0.002" /><testcase classname="tests.agents.test_agent.TestAgentExecute" name="test_agent_execute_with_llm_no_tools" time="0.003" /><testcase classname="tests.agents.test_agent.TestAgentExecute" name="test_agent_execute_with_tools" time="0.003" /><testcase classname="tests.agents.test_agent.TestAgentExecute" name="test_agent_execute_state_transitions" time="0.004" /><testcase classname="tests.agents.test_agent.TestAgentExecute" name="test_agent_execute_with_prompt" time="0.003" /><testcase classname="tests.agents.test_agent.TestAgentExecute" name="test_agent_execute_error_handling" time="0.003" /><testcase classname="tests.agents.test_agent.TestAgentStateTransitions" name="test_agent_state_initialization" time="0.002" /><testcase classname="tests.agents.test_agent.TestAgentStateTransitions" name="test_agent_state_execution" time="0.002" /><testcase classname="tests.agents.test_agent.TestAgentStateTransitions" name="test_agent_state_error" time="0.003" /><testcase classname="tests.agents.test_agent.TestAgentErrorHandling" name="test_agent_validate_task" time="0.004" /><testcase classname="tests.agents.test_agent.TestAgentErrorHandling" name="test_agent_tool_not_found_error" time="0.003" /><testcase classname="tests.agents.test_agent.TestAgentPlanIntegration" name="test_agent_execute_with_planning_enabled" time="0.002" /><testcase classname="tests.agents.test_agent.TestAgentPlanIntegration" name="test_agent_execute_with_planning_disabled" time="0.002" /><testcase classname="tests.agents.test_agent.TestAgentPlanIntegration" name="test_agent_execute_plan_method" time="0.002" /><testcase classname="tests.agents.test_agent.TestAgentPlanIntegration" name="test_agent_build_messages_with_plan" time="0.002" /><testcase classname="tests.agents.test_agent.TestAgentPlanIntegration" name="test_agent_build_messages_without_plan" time="0.003" /><testcase classname="tests.agents.test_agent.TestAgentIntegration" name="test_agent_full_workflow" time="0.003" /><testcase classname="tests.agents.test_agent.TestAgentIntegration" name="test_agent_multiple_executions" time="0.002" /><testcase classname="tests.agents.test_agent.TestAgentIntegration" name="test_agent_metrics_tracking" time="0.002" /><testcase classname="tests.agents.test_agent_precedence.TestAgentPromptPrecedence" name="test_prompt_takes_precedence_in_messages" time="0.003" /><testcase classname="tests.agents.test_agent_precedence.TestAgentPromptPrecedence" name="test_role_objective_used_when_no_prompt" time="0.002" /><testcase classname="tests.agents.test_agent_precedence.TestAgentPromptPrecedence" name="test_warning_logged_when_prompt_overrides" time="0.004" /><testcase classname="tests.agents.test_agent_precedence.TestAgentPromptPrecedence" name="test_no_warning_when_no_role_objective" time="0.003" /><testcase classname="tests.agents.test_agent_precedence.TestAgentPromptPrecedence" name="test_role_objective_used_in_planning_context" time="0.003" /><testcase classname="tests.agents.test_agent_precedence.TestAgentPromptPrecedence" name="test_prompt_user_included_in_messages" time="0.003" /><testcase classname="tests.agents.test_agent_precedence.TestAgentPromptPrecedence" name="test_prompt_without_system_falls_back_to_role" time="0.005" /><testcase classname="tests.agents.test_agent_precedence.TestAgentPromptPrecedence" name="test_narrative_optional" time="0.003" /><testcase classname="tests.agents.test_agent_precedence.TestAgentPromptPrecedence" name="test_execution_with_prompt_precedence" time="0.004" /><testcase classname="tests.agents.test_agent_precedence.TestAgentPromptPrecedence" name="test_execution_without_prompt" time="0.003" /><testcase classname="tests.agents.test_execution_modes.TestExecutionModeEnum" name="test_execution_mode_enum_values" time="0.001" /><testcase classname="tests.agents.test_execution_modes.TestExecutionModeEnum" name="test_execution_mode_enum_string" time="0.001" /><testcase classname="tests.agents.test_execution_modes.TestExecutionModeEnum" name="test_execution_mode_enum_comparison" time="0.001" /><testcase classname="tests.agents.test_execution_modes.TestDirectMode" name="test_direct_mode_simple_task" time="0.003" /><testcase classname="tests.agents.test_execution_modes.TestDirectMode" name="test_direct_mode_no_tools" time="0.003" /><testcase classname="tests.agents.test_execution_modes.TestDirectMode" name="test_direct_mode_with_prompt" time="0.002" /><testcase classname="tests.agents.test_execution_modes.TestDirectMode" name="test_direct_mode_no_llm_echo" time="0.003" /><testcase classname="tests.agents.test_execution_modes.TestStandardMode" name="test_standard_mode_with_tool" time="0.003" /><testcase classname="tests.agents.test_execution_modes.TestStandardMode" name="test_standard_mode_default" time="0.002" /><testcase classname="tests.agents.test_execution_modes.TestStandardMode" name="test_standard_mode_no_tools" time="0.004" /><testcase classname="tests.agents.test_execution_modes.TestStandardMode" name="test_standard_mode_multiple_tools" time="0.003" /><testcase classname="tests.agents.test_execution_modes.TestAutonomousMode" name="test_autonomous_mode_fallback" time="0.004" /><testcase classname="tests.agents.test_execution_modes.TestAutonomousMode" name="test_autonomous_mode_warning" time="0.004" /><testcase classname="tests.agents.test_execution_modes.TestModeRouting" name="test_mode_routing_direct" time="0.002" /><testcase classname="tests.agents.test_execution_modes.TestModeRouting" name="test_mode_routing_standard" time="0.004" /><testcase classname="tests.agents.test_execution_modes.TestModeRouting" name="test_mode_routing_autonomous" time="0.004" /><testcase classname="tests.agents.test_execution_modes.TestModeRouting" name="test_mode_routing_invalid" time="0.010" /><testcase classname="tests.agents.test_execution_modes.TestExecutionModeIntegration" name="test_execution_mode_state_transitions" time="0.029" /><testcase classname="tests.agents.test_execution_modes.TestExecutionModeIntegration" name="test_execution_mode_with_task_dict" time="0.005" /><testcase classname="tests.agents.test_executor.TestExecutorInitialization" name="test_executor_init_with_tools" time="0.001" /><testcase classname="tests.agents.test_executor.TestExecutorInitialization" name="test_executor_init_with_multiple_tools" time="0.002" /><testcase classname="tests.agents.test_executor.TestExecutorInitialization" name="test_executor_init_with_empty_tools" time="0.001" /><testcase classname="tests.agents.test_executor.TestExecutorExecute" name="test_execute_success" time="0.005" /><testcase classname="tests.agents.test_executor.TestExecutorExecute" name="test_execute_with_dict_arguments" time="0.002" /><testcase classname="tests.agents.test_executor.TestExecutorExecute" name="test_execute_tool_not_found" time="0.002" /><testcase classname="tests.agents.test_executor.TestExecutorExecute" name="test_execute_missing_name" time="0.002" /><testcase classname="tests.agents.test_executor.TestExecutorExecute" name="test_execute_invalid_json" time="0.004" /><testcase classname="tests.agents.test_executor.TestExecutorExecute" name="test_execute_tool_error" time="0.004" /><testcase classname="tests.agents.test_executor.TestExecutorExecute" name="test_execute_native_tool_error" time="0.003" /><testcase classname="tests.agents.test_executor.TestExecutorExecuteStep" name="test_execute_step_success" time="0.002" /><testcase classname="tests.agents.test_executor.TestExecutorExecuteStep" name="test_execute_step_with_context" time="0.002" /><testcase classname="tests.agents.test_executor.TestExecutorExecuteStep" name="test_execute_step_no_args" time="0.002" /><testcase classname="tests.agents.test_executor.TestExecutorGetTool" name="test_get_tool_success" time="0.001" /><testcase classname="tests.agents.test_executor.TestExecutorGetTool" name="test_get_tool_not_found" time="0.001" /><testcase classname="tests.agents.test_plan.TestPlanStepCreation" name="test_plan_step_creation_minimal" time="0.001" /><testcase classname="tests.agents.test_plan.TestPlanStepCreation" name="test_plan_step_creation_with_all_fields" time="0.001" /><testcase classname="tests.agents.test_plan.TestPlanStepCreation" name="test_plan_step_creation_with_task" time="0.001" /><testcase classname="tests.agents.test_plan.TestPlanStepCreation" name="test_plan_step_creation_with_args" time="0.001" /><testcase classname="tests.agents.test_plan.TestPlanStepCreation" name="test_plan_step_creation_with_details" time="0.001" /><testcase classname="tests.agents.test_plan.TestPlanStepCreation" name="test_plan_step_missing_step" time="0.001" /><testcase classname="tests.agents.test_plan.TestPlanStepCreation" name="test_plan_step_missing_action" time="0.001" /><testcase classname="tests.agents.test_plan.TestPlanStepCreation" name="test_plan_step_invalid_step_type" time="0.001" /><testcase classname="tests.agents.test_plan.TestPlanStepCreation" name="test_plan_step_invalid_action_type" time="0.001" /><testcase classname="tests.agents.test_plan.TestPlanStepCreation" name="test_plan_step_invalid_args_type" time="0.002" /><testcase classname="tests.agents.test_plan.TestPlanStepCreation" name="test_plan_step_negative_step_number" time="0.001" /><testcase classname="tests.agents.test_plan.TestPlanStepCreation" name="test_plan_step_zero_step_number" time="0.001" /><testcase classname="tests.agents.test_plan.TestPlanCreation" name="test_plan_creation_minimal" time="0.001" /><testcase classname="tests.agents.test_plan.TestPlanCreation" name="test_plan_creation_with_steps" time="0.001" /><testcase classname="tests.agents.test_plan.TestPlanCreation" name="test_plan_creation_with_task_dict" time="0.001" /><testcase classname="tests.agents.test_plan.TestPlanCreation" name="test_plan_creation_empty_steps" time="0.001" /><testcase classname="tests.agents.test_plan.TestPlanCreation" name="test_plan_missing_task" time="0.001" /><testcase classname="tests.agents.test_plan.TestPlanCreation" name="test_plan_invalid_steps_type" time="0.001" /><testcase classname="tests.agents.test_plan.TestPlanCreation" name="test_plan_invalid_step_in_list" time="0.001" /><testcase classname="tests.agents.test_plan.TestPlanAccess" name="test_plan_length" time="0.001" /><testcase classname="tests.agents.test_plan.TestPlanAccess" name="test_plan_indexing" time="0.001" /><testcase classname="tests.agents.test_plan.TestPlanAccess" name="test_plan_index_out_of_range" time="0.001" /><testcase classname="tests.agents.test_plan.TestPlanAccess" name="test_plan_iteration" time="0.001" /><testcase classname="tests.agents.test_plan.TestPlanSerialization" name="test_plan_to_dict" time="0.001" /><testcase classname="tests.agents.test_plan.TestPlanSerialization" name="test_plan_to_dict_empty_steps" time="0.001" /><testcase classname="tests.agents.test_plan.TestPlanSerialization" name="test_plan_from_list" time="0.001" /><testcase classname="tests.agents.test_plan.TestPlanSerialization" name="test_plan_from_list_empty" time="0.001" /><testcase classname="tests.agents.test_plan.TestPlanSerialization" name="test_plan_from_list_with_task_in_step" time="0.002" /><testcase classname="tests.agents.test_plan.TestPlanSerialization" name="test_plan_round_trip_serialization" time="0.002" /><testcase classname="tests.agents.test_plan.TestPlanValidation" name="test_plan_from_list_invalid_step" time="0.001" /><testcase classname="tests.agents.test_plan.TestPlanValidation" name="test_plan_from_list_missing_required_fields" time="0.001" /><testcase classname="tests.agents.test_plan.TestPlanValidation" name="test_plan_from_list_invalid_task_type" time="0.001" /><testcase classname="tests.agents.test_plan.TestPlanEdgeCases" name="test_plan_with_many_steps" time="0.001" /><testcase classname="tests.agents.test_plan.TestPlanEdgeCases" name="test_plan_with_duplicate_step_numbers" time="0.001" /><testcase classname="tests.agents.test_plan.TestPlanEdgeCases" name="test_plan_with_non_sequential_steps" time="0.001" /><testcase classname="tests.agents.test_plan.TestPlanEdgeCases" name="test_plan_step_with_complex_args" time="0.001" /><testcase classname="tests.agents.test_plan.TestPlanEdgeCases" name="test_plan_step_with_very_long_details" time="0.001" /><testcase classname="tests.agents.test_plan.TestPlanEdgeCases" name="test_plan_step_with_special_characters" time="0.001" /><testcase classname="tests.agents.test_plan.TestPlanIntegration" name="test_plan_with_agent_execute" time="0.001" /><testcase classname="tests.agents.test_plan.TestPlanIntegration" name="test_plan_dict_compatibility" time="0.001" /><testcase classname="tests.agents.test_plan.TestPlanStepValidation" name="test_plan_step_empty_action" time="0.001" /><testcase classname="tests.agents.test_plan.TestPlanStepValidation" name="test_plan_step_whitespace_action" time="0.001" /><testcase classname="tests.agents.test_plan.TestPlanStepValidation" name="test_plan_step_none_args" time="0.001" /><testcase classname="tests.agents.test_plan.TestPlanStepValidation" name="test_plan_step_none_details" time="0.001" /><testcase classname="tests.agents.test_task.TestTaskCreation" name="test_task_creation_minimal" time="0.001" /><testcase classname="tests.agents.test_task.TestTaskCreation" name="test_task_creation_with_all_fields" time="0.001" /><testcase classname="tests.agents.test_task.TestTaskCreation" name="test_task_creation_with_context_only" time="0.001" /><testcase classname="tests.agents.test_task.TestTaskCreation" name="test_task_creation_with_metadata_only" time="0.001" /><testcase classname="tests.agents.test_task.TestTaskCreation" name="test_task_id_required" time="0.001" /><testcase classname="tests.agents.test_task.TestTaskCreation" name="test_task_with_empty_string_objective" time="0.001" /><testcase classname="tests.agents.test_task.TestTaskCreation" name="test_task_with_none_objective" time="0.001" /><testcase classname="tests.agents.test_task.TestTaskCreation" name="test_task_with_whitespace_only_objective" time="0.001" /><testcase classname="tests.agents.test_task.TestTaskCreation" name="test_task_with_complex_context" time="0.001" /><testcase classname="tests.agents.test_task.TestTaskCreation" name="test_task_with_complex_metadata" time="0.001" /><testcase classname="tests.agents.test_task.TestTaskSerialization" name="test_task_to_dict" time="0.001" /><testcase classname="tests.agents.test_task.TestTaskSerialization" name="test_task_to_dict_minimal" time="0.001" /><testcase classname="tests.agents.test_task.TestTaskSerialization" name="test_task_from_dict" time="0.001" /><testcase classname="tests.agents.test_task.TestTaskSerialization" name="test_task_from_dict_minimal" time="0.001" /><testcase classname="tests.agents.test_task.TestTaskSerialization" name="test_task_from_dict_with_id_string" time="0.001" /><testcase classname="tests.agents.test_task.TestTaskSerialization" name="test_task_from_dict_with_id_uuid" time="0.001" /><testcase classname="tests.agents.test_task.TestTaskSerialization" name="test_task_round_trip_serialization" time="0.001" /><testcase classname="tests.agents.test_task.TestTaskValidation" name="test_task_missing_objective" time="0.001" /><testcase classname="tests.agents.test_task.TestTaskValidation" name="test_task_id_as_string" time="0.001" /><testcase classname="tests.agents.test_task.TestTaskValidation" name="test_task_invalid_context_type" time="0.001" /><testcase classname="tests.agents.test_task.TestTaskValidation" name="test_task_invalid_metadata_type" time="0.001" /><testcase classname="tests.agents.test_task.TestTaskValidation" name="test_task_from_dict_invalid_objective" time="0.001" /><testcase classname="tests.agents.test_task.TestTaskValidation" name="test_task_from_dict_missing_objective" time="0.001" /><testcase classname="tests.agents.test_task.TestTaskValidation" name="test_task_from_dict_extra_fields" time="0.001" /><testcase classname="tests.agents.test_task.TestTaskEdgeCases" name="test_task_with_very_long_objective" time="0.001" /><testcase classname="tests.agents.test_task.TestTaskEdgeCases" name="test_task_with_special_characters" time="0.001" /><testcase classname="tests.agents.test_task.TestTaskEdgeCases" name="test_task_with_unicode_characters" time="0.001" /><testcase classname="tests.agents.test_task.TestTaskEdgeCases" name="test_task_with_none_context" time="0.001" /><testcase classname="tests.agents.test_task.TestTaskEdgeCases" name="test_task_with_none_metadata" time="0.001" /><testcase classname="tests.agents.test_task.TestTaskEdgeCases" name="test_task_context_immutability" time="0.001" /><testcase classname="tests.agents.test_task.TestTaskEdgeCases" name="test_task_metadata_immutability" time="0.001" /><testcase classname="tests.agents.test_task.TestTaskComparison" name="test_task_equality_same_id" time="0.001" /><testcase classname="tests.agents.test_task.TestTaskComparison" name="test_task_inequality_different_id" time="0.001" /><testcase classname="tests.agents.test_task.TestTaskIntegration" name="test_task_with_agent_execute" time="0.003" /><testcase classname="tests.agents.test_task.TestTaskIntegration" name="test_task_dict_compatibility" time="0.002" /><testcase classname="tests.prompts.test_chain_of_thought_prompt.TestChainOfThoughtPrompt" name="test_chain_of_thought_minimal_success" time="0.002" /><testcase classname="tests.prompts.test_chain_of_thought_prompt.TestChainOfThoughtPrompt" name="test_chain_of_thought_with_custom_instruction" time="0.001" /><testcase classname="tests.prompts.test_chain_of_thought_prompt.TestChainOfThoughtPrompt" name="test_chain_of_thought_cannot_set_use_cot_false" time="0.001" /><testcase classname="tests.prompts.test_chain_of_thought_prompt.TestChainOfThoughtPrompt" name="test_chain_of_thought_missing_system" time="0.001" /><testcase classname="tests.prompts.test_chain_of_thought_prompt.TestChainOfThoughtPrompt" name="test_chain_of_thought_missing_user" time="0.002" /><testcase classname="tests.prompts.test_chain_of_thought_prompt.TestChainOfThoughtPrompt" name="test_chain_of_thought_no_cot_instruction_in_format" time="0.001" /><testcase classname="tests.prompts.test_chain_of_thought_prompt.TestChainOfThoughtPrompt" name="test_chain_of_thought_empty_cot_instruction_override" time="0.001" /><testcase classname="tests.prompts.test_chain_of_thought_prompt.TestChainOfThoughtPrompt" name="test_chain_of_thought_all_fields_working" time="0.001" /><testcase classname="tests.prompts.test_few_shot_prompt.TestFewShotPrompt" name="test_few_shot_creation_success" time="0.002" /><testcase classname="tests.prompts.test_few_shot_prompt.TestFewShotPrompt" name="test_few_shot_missing_examples" time="0.001" /><testcase classname="tests.prompts.test_few_shot_prompt.TestFewShotPrompt" name="test_few_shot_with_extra_fields" time="0.001" /><testcase classname="tests.prompts.test_few_shot_prompt.TestFewShotPrompt" name="test_few_shot_with_empty_examples" time="0.001" /><testcase classname="tests.prompts.test_few_shot_prompt.TestFewShotPrompt" name="test_few_shot_minimal_with_system_user_and_examples" time="0.001" /><testcase classname="tests.prompts.test_few_shot_prompt.TestFewShotPrompt" name="test_few_shot_add_example_methods" time="0.001" /><testcase classname="tests.prompts.test_few_shot_prompt.TestFewShotPrompt" name="test_few_shot_missing_user" time="0.001" /><testcase classname="tests.prompts.test_few_shot_prompt.TestFewShotPromptWithCoT" name="test_few_shot_cot_creation_success" time="0.001" /><testcase classname="tests.prompts.test_few_shot_prompt.TestFewShotPromptWithCoT" name="test_few_shot_cot_default_instruction" time="0.001" /><testcase classname="tests.prompts.test_few_shot_prompt.TestFewShotPromptWithCoT" name="test_few_shot_cot_disable_instruction" time="0.001" /><testcase classname="tests.prompts.test_few_shot_prompt.TestFewShotPromptWithCoT" name="test_few_shot_cot_missing_examples" time="0.001" /><testcase classname="tests.prompts.test_few_shot_prompt.TestFewShotPromptWithCoT" name="test_few_shot_cot_missing_user" time="0.001" /><testcase classname="tests.prompts.test_few_shot_prompt.TestFewShotPromptWithCoT" name="test_few_shot_cot_minimal_valid" time="0.001" /><testcase classname="tests.prompts.test_few_shot_prompt.TestFewShotPromptWithCoT" name="test_few_shot_cot_disable_after_enable" time="0.001" /><testcase classname="tests.prompts.test_meta_prompt.TestMetaPrompt" name="test_initialization_with_valid_inputs" time="0.001" /><testcase classname="tests.prompts.test_meta_prompt.TestMetaPrompt" name="test_initialization_missing_required_fields" time="0.001" /><testcase classname="tests.prompts.test_meta_prompt.TestMetaPrompt" name="test_initialization_invalid_field_types" time="0.001" /><testcase classname="tests.prompts.test_meta_prompt.TestMetaPrompt" name="test_template_non_empty" time="0.001" /><testcase classname="tests.prompts.test_meta_prompt.TestMetaPrompt" name="test_template_correct_placeholder_detection" time="0.001" /><testcase classname="tests.prompts.test_meta_prompt.TestMetaPrompt" name="test_conflicting_variable_mappings" time="0.001" /><testcase classname="tests.prompts.test_meta_prompt.TestMetaPrompt" name="test_variable_mappings_application" time="0.002" /><testcase classname="tests.prompts.test_meta_prompt.TestMetaPrompt" name="test_function_mappings_execution" time="0.002" /><testcase classname="tests.prompts.test_meta_prompt.TestMetaPrompt" name="test_non_callable_function_mapping" time="0.001" /><testcase classname="tests.prompts.test_meta_prompt.TestMetaPrompt" name="test_faulty_function_mapping" time="0.001" /><testcase classname="tests.prompts.test_meta_prompt.TestMetaPrompt" name="test_format_prompt_successful" time="0.001" /><testcase classname="tests.prompts.test_meta_prompt.TestMetaPrompt" name="test_format_prompt_missing_required_fields" time="0.001" /><testcase classname="tests.prompts.test_meta_prompt.TestMetaPrompt" name="test_format_prompt_with_optional_variables" time="0.002" /><testcase classname="tests.prompts.test_meta_prompt.TestMetaPrompt" name="test_refine_prompt_updates_feedback_instruction" time="0.001" /><testcase classname="tests.prompts.test_meta_prompt.TestMetaPrompt" name="test_refine_prompt_without_current_prompt" time="0.001" /><testcase classname="tests.prompts.test_meta_prompt.TestMetaPrompt" name="test_output_parser_application" time="0.002" /><testcase classname="tests.prompts.test_meta_prompt.TestMetaPrompt" name="test_output_parser_not_provided" time="0.001" /><testcase classname="tests.prompts.test_meta_prompt.TestMetaPrompt" name="test_serialization_deserialization" time="0.009" /><testcase classname="tests.prompts.test_meta_prompt.TestMetaPrompt" name="test_serialization_with_callable_fields" time="0.003" /><testcase classname="tests.prompts.test_meta_prompt.TestMetaPrompt" name="test_template_with_no_placeholders" time="0.001" /><testcase classname="tests.prompts.test_meta_prompt.TestMetaPrompt" name="test_partial_variables_override" time="0.002" /><testcase classname="tests.prompts.test_meta_prompt.TestMetaPrompt" name="test_handling_of_whitespace_only_inputs" time="0.001" /><testcase classname="tests.prompts.test_meta_prompt.TestMetaPrompt" name="test_dynamic_template_changes" time="0.001" /><testcase classname="tests.prompts.test_meta_prompt.TestMetaPrompt" name="test_empty_generated_prompt_field" time="0.001" /><testcase classname="tests.prompts.test_meta_prompt.TestMetaPrompt" name="test_handling_extra_optional_variables" time="0.001" /><testcase classname="tests.prompts.test_meta_prompt.TestMetaPrompt" name="test_multiple_iterations_of_refinement" time="0.001" /><testcase classname="tests.prompts.test_meta_prompt.TestMetaPrompt" name="test_handling_empty_feedback_instruction" time="0.001" /><testcase classname="tests.prompts.test_meta_prompt.TestMetaPrompt" name="test_handling_multiple_placeholder_occurrences" time="0.001" /><testcase classname="tests.prompts.test_meta_prompt.TestMetaPrompt" name="test_handling_large_number_of_optional_variables" time="0.001" /><testcase classname="tests.prompts.test_meta_prompt.TestMetaPrompt" name="test_handle_numeric_and_boolean_variables" time="0.001" /><testcase classname="tests.prompts.test_meta_prompt.TestMetaPrompt" name="test_handling_special_characters_in_variables" time="0.001" /><testcase classname="tests.prompts.test_meta_prompt.TestMetaPrompt" name="test_handling_none_values_in_optional_variables" time="0.001" /><testcase classname="tests.prompts.test_meta_prompt.TestMetaPrompt" name="test_handling_duplicate_placeholders" time="0.002" /><testcase classname="tests.prompts.test_meta_prompt.TestMetaPrompt" name="test_large_template_with_many_placeholders" time="0.001" /><testcase classname="tests.prompts.test_meta_prompt.TestMetaPrompt" name="test_handling_non_string_input_variables" time="0.001" /><testcase classname="tests.prompts.test_meta_prompt.TestMetaPrompt" name="test_handling_none_generated_prompt" time="0.001" /><testcase classname="tests.prompts.test_meta_prompt.TestMetaPrompt" name="test_format_prompt_with_callable_partial_variables" time="0.001" /><testcase classname="tests.prompts.test_meta_prompt.TestMetaPrompt" name="test_handling_multiple_variable_mappings" time="0.001" /><testcase classname="tests.prompts.test_meta_prompt.TestMetaPrompt" name="test_handling_unicode_characters_in_variables" time="0.001" /><testcase classname="tests.prompts.test_meta_prompt.TestMetaPrompt" name="test_format_prompt_with_all_possible_fields" time="0.001" /><testcase classname="tests.prompts.test_meta_prompt.TestMetaPrompt" name="test_format_prompt_with_no_optional_variables_and_no_functions" time="0.001" /><testcase classname="tests.prompts.test_meta_prompt.TestMetaPrompt" name="test_format_prompt_with_complex_variable_values" time="0.001" /><testcase classname="tests.prompts.test_meta_prompt.TestMetaPrompt" name="test_format_prompt_with_boolean_fields" time="0.002" /><testcase classname="tests.prompts.test_meta_prompt.TestMetaPrompt" name="test_format_prompt_with_numeric_and_special_characters" time="0.001" /><testcase classname="tests.prompts.test_meta_prompt.TestMetaPrompt" name="test_format_prompt_with_list_input" time="0.002" /><testcase classname="tests.prompts.test_meta_prompt.TestMetaPrompt" name="test_format_prompt_with_nested_placeholders" time="0.001" /><testcase classname="tests.prompts.test_meta_prompt.TestMetaPrompt" name="test_format_prompt_with_multiple_data_types" time="0.001" /><testcase classname="tests.prompts.test_meta_prompt.TestMetaPrompt" name="test_handling_empty_function_mappings" time="0.001" /><testcase classname="tests.prompts.test_meta_prompt.TestMetaPrompt" name="test_handle_missing_optional_variables_gracefully" time="0.001" /><testcase classname="tests.prompts.test_meta_prompt.TestMetaPrompt" name="test_handle_callable_partial_variables_exceptions" time="0.001" /><testcase classname="tests.prompts.test_meta_prompt.TestMetaPrompt" name="test_kwargs_function_complex_logic" time="0.001" /><testcase classname="tests.prompts.test_meta_prompt.TestMetaPrompt" name="test_kwargs_function_handles_empty_kwargs" time="0.002" /><testcase classname="tests.prompts.test_meta_prompt.TestMetaPrompt" name="test_required_fields_validation" time="0.001" /><testcase classname="tests.prompts.test_meta_prompt.TestMetaPrompt" name="test_kwargs_function_mixed_data_types" time="0.001" /><testcase classname="tests.prompts.test_metadata_tags.TestMetadataTags" name="test_metadata_preservation" time="0.001" /><testcase classname="tests.prompts.test_metadata_tags.TestMetadataTags" name="test_tags_preservation" time="0.001" /><testcase classname="tests.prompts.test_metadata_tags.TestMetadataTags" name="test_metadata_and_tags_combined" time="0.001" /><testcase classname="tests.prompts.test_metadata_tags.TestMetadataTags" name="test_additional_tags_after_initialization" time="0.001" /><testcase classname="tests.prompts.test_metadata_tags.TestMetadataTags" name="test_removing_tags" time="0.001" /><testcase classname="tests.prompts.test_metadata_tags.TestMetadataTags" name="test_updating_metadata" time="0.001" /><testcase classname="tests.prompts.test_metadata_tags.TestMetadataTags" name="test_adding_new_metadata_field" time="0.001" /><testcase classname="tests.prompts.test_output_parser.TestOutputParser" name="test_output_parser_functionality" time="0.001" /><testcase classname="tests.prompts.test_output_parser.TestOutputParser" name="test_output_parser_with_missing_placeholder" time="0.001" /><testcase classname="tests.prompts.test_partial_variables.TestPartialVariables" name="test_partial_variables_with_callable" time="0.001" /><testcase classname="tests.prompts.test_partial_variables.TestPartialVariables" name="test_partial_variables_overridden_by_kwargs" time="0.001" /><testcase classname="tests.prompts.test_partial_variables_various_types.TestPartialVariablesVariousTypes" name="test_partial_variables_with_various_types" time="0.001" /><testcase classname="tests.prompts.test_partial_variables_various_types.TestPartialVariablesVariousTypes" name="test_output_parser_complex_logic" time="0.001" /><testcase classname="tests.prompts.test_prompt_composer.TestPromptComposer" name="test_variable_mappings_basic" time="0.001" /><testcase classname="tests.prompts.test_prompt_composer.TestPromptComposer" name="test_missing_required_variables" time="0.001" /><testcase classname="tests.prompts.test_prompt_composer.TestPromptComposer" name="test_function_mappings" time="0.001" /><testcase classname="tests.prompts.test_prompt_composer.TestPromptComposer" name="test_invalid_variable_mappings" time="0.001" /><testcase classname="tests.prompts.test_prompt_composer.TestPromptComposer" name="test_serialization_deserialization" time="0.005" /><testcase classname="tests.prompts.test_prompt_composer.TestPromptComposer" name="test_empty_template" time="0.001" /><testcase classname="tests.prompts.test_prompt_composer.TestPromptComposer" name="test_non_string_template" time="0.001" /><testcase classname="tests.prompts.test_prompt_composer.TestPromptComposer" name="test_no_input_vars_missing_placeholder" time="0.001" /><testcase classname="tests.prompts.test_prompt_composer.TestPromptComposer" name="test_no_mappings_direct_placeholders" time="0.001" /><testcase classname="tests.prompts.test_prompt_composer.TestPromptComposer" name="test_conflicting_variable_mappings" time="0.001" /><testcase classname="tests.prompts.test_prompt_composer.TestPromptComposer" name="test_configure_multiple_fields" time="0.001" /><testcase classname="tests.prompts.test_prompt_composer.TestPromptComposer" name="test_configure_unrecognized_field" time="0.001" /><testcase classname="tests.prompts.test_prompt_composer.TestPromptComposer" name="test_function_mapping_missing_field" time="0.001" /><testcase classname="tests.prompts.test_prompt_composer.TestPromptComposer" name="test_variable_and_function_mappings" time="0.001" /><testcase classname="tests.prompts.test_retrieval_augmented_generation_prompt.TestRetrievalAugmentedGenerationPrompt" name="test_rag_creation_success" time="0.001" /><testcase classname="tests.prompts.test_retrieval_augmented_generation_prompt.TestRetrievalAugmentedGenerationPrompt" name="test_rag_missing_context_field_entirely" time="0.001" /><testcase classname="tests.prompts.test_retrieval_augmented_generation_prompt.TestRetrievalAugmentedGenerationPrompt" name="test_rag_context_is_none" time="0.001" /><testcase classname="tests.prompts.test_retrieval_augmented_generation_prompt.TestRetrievalAugmentedGenerationPrompt" name="test_rag_with_empty_context_fails" time="0.001" /><testcase classname="tests.prompts.test_retrieval_augmented_generation_prompt.TestRetrievalAugmentedGenerationPrompt" name="test_rag_with_extra_fields" time="0.001" /><testcase classname="tests.prompts.test_retrieval_augmented_generation_prompt.TestRetrievalAugmentedGenerationPrompt" name="test_rag_empty_system_or_user_fields" time="0.001" /><testcase classname="tests.prompts.test_unrecognized_fields.TestUnrecognizedFields" name="test_configure_with_unrecognized_field" time="0.001" /><testcase classname="tests.prompts.test_zero_shot_prompt.TestZeroShotPrompt" name="test_zero_shot_creation_success" time="0.001" /><testcase classname="tests.prompts.test_zero_shot_prompt.TestZeroShotPrompt" name="test_zero_shot_missing_required_fields" time="0.001" /><testcase classname="tests.prompts.test_zero_shot_prompt.TestZeroShotPrompt" name="test_zero_shot_with_empty_strings" time="0.001" /><testcase classname="tests.prompts.test_zero_shot_prompt.TestZeroShotPrompt" name="test_zero_shot_invalid_data_types" time="0.001" /><testcase classname="tests.prompts.test_zero_shot_prompt.TestZeroShotPrompt" name="test_zero_shot_num_clusters_boundary" time="0.001" /><testcase classname="tests.prompts.test_zero_shot_prompt.TestZeroShotPrompt" name="test_zero_shot_max_questions_per_cluster_boundary" time="0.002" /><testcase classname="tests.prompts.test_zero_shot_prompt.TestZeroShotPrompt" name="test_zero_shot_serialization_deserialization_json" time="0.006" /><testcase classname="tests.prompts.test_zero_shot_prompt.TestZeroShotPrompt" name="test_zero_shot_serialization_deserialization_yaml" time="0.008" /><testcase classname="tests.prompts.test_zero_shot_prompt.TestZeroShotPrompt" name="test_zero_shot_partial_configuration" time="0.001" /><testcase classname="tests.prompts.test_zero_shot_prompt.TestZeroShotPrompt" name="test_zero_shot_partial_configuration_with_defaults" time="0.001" /><testcase classname="tests.prompts.test_zero_shot_prompt.TestZeroShotPrompt" name="test_zero_shot_toggle_cot_after_configuration" time="0.001" /><testcase classname="tests.prompts.test_zero_shot_prompt.TestZeroShotPrompt" name="test_zero_shot_cot_default_instruction" time="0.001" /><testcase classname="tests.prompts.test_zero_shot_prompt.TestZeroShotPrompt" name="test_zero_shot_multiple_configurations" time="0.001" /><testcase classname="tests.prompts.test_zero_shot_prompt.TestZeroShotPrompt" name="test_zero_shot_conflicting_configurations" time="0.001" /><testcase classname="tests.tools.test_custom_mcp_tool.TestCustomMCPTool" name="test_custom_mcp_tool_creation" time="0.002" /><testcase classname="tests.tools.test_custom_mcp_tool.TestCustomMCPTool" name="test_custom_mcp_tool_spec_before_init" time="0.001" /><testcase classname="tests.tools.test_custom_mcp_tool.TestCustomMCPTool" name="test_custom_mcp_tool_initialization" time="0.002" /><testcase classname="tests.tools.test_custom_mcp_tool.TestCustomMCPTool" name="test_custom_mcp_tool_spec_after_init" time="0.002" /><testcase classname="tests.tools.test_custom_mcp_tool.TestCustomMCPTool" name="test_custom_mcp_tool_execute" time="0.002" /><testcase classname="tests.tools.test_custom_mcp_tool.TestCustomMCPTool" name="test_custom_mcp_tool_execute_unknown_tool" time="0.003" /><testcase classname="tests.tools.test_custom_mcp_tool.TestCustomMCPTool" name="test_custom_mcp_tool_conversion_to_openai_format" time="0.570" /><testcase classname="tests.tools.test_custom_mcp_tool.TestCustomMCPTool" name="test_custom_mcp_tool_with_authorization" time="0.003" /><testcase classname="tests.tools.test_openai_tools.TestOpenAIToolFactory" name="test_web_search_tool" time="0.001" /><testcase classname="tests.tools.test_openai_tools.TestOpenAIToolFactory" name="test_code_interpreter_tool" time="0.001" /><testcase classname="tests.tools.test_openai_tools.TestOpenAIToolFactory" name="test_file_search_tool_no_vector_stores" time="0.001" /><testcase classname="tests.tools.test_openai_tools.TestOpenAIToolFactory" name="test_file_search_tool_with_vector_stores" time="0.001" /><testcase classname="tests.tools.test_openai_tools.TestOpenAIToolFactory" name="test_image_generation_tool" time="0.001" /><testcase classname="tests.tools.test_openai_tools.TestOpenAIToolFactory" name="test_computer_use_tool" time="0.001" /><testcase classname="tests.tools.test_openai_tools.TestMCPTool" name="test_mcp_tool_remote_server" time="0.001" /><testcase classname="tests.tools.test_openai_tools.TestMCPTool" name="test_mcp_tool_with_require_approval_never" time="0.002" /><testcase classname="tests.tools.test_openai_tools.TestMCPTool" name="test_mcp_tool_with_require_approval_always" time="0.001" /><testcase classname="tests.tools.test_openai_tools.TestMCPTool" name="test_mcp_tool_with_require_approval_dict" time="0.001" /><testcase classname="tests.tools.test_openai_tools.TestMCPTool" name="test_mcp_tool_with_allowed_tools" time="0.001" /><testcase classname="tests.tools.test_openai_tools.TestMCPTool" name="test_mcp_tool_with_authorization" time="0.001" /><testcase classname="tests.tools.test_openai_tools.TestMCPTool" name="test_mcp_tool_with_all_parameters" time="0.001" /><testcase classname="tests.tools.test_openai_tools.TestMCPTool" name="test_mcp_tool_missing_server_url_and_connector_id" time="0.001" /><testcase classname="tests.tools.test_openai_tools.TestMCPTool" name="test_mcp_tool_both_server_url_and_connector_id" time="0.001" /><testcase classname="tests.tools.test_openai_tools.TestMCPTool" name="test_mcp_tool_connector_id" time="0.001" /><testcase classname="tests.tools.test_openai_tools.TestConnectorTool" name="test_connector_tool_google_calendar" time="0.001" /><testcase classname="tests.tools.test_openai_tools.TestConnectorTool" name="test_connector_tool_with_require_approval" time="0.001" /><testcase classname="tests.tools.test_openai_tools.TestConnectorTool" name="test_connector_tool_with_allowed_tools" time="0.001" /><testcase classname="tests.tools.test_openai_tools.TestConnectorTool" name="test_connector_tool_all_connectors" time="0.001" /><testcase classname="tests.tools.test_openai_tools.TestNativeToolExecution" name="test_native_tool_execute_raises_error" time="0.002" /><testcase classname="tests.tools.test_openai_tools.TestNativeToolExecution" name="test_native_tool_execute_async" time="0.002" /><testcase classname="tests.tools.test_tool_conversion.TestToolConversion" name="test_convert_base_tool_to_function_calling" time="0.509" /><testcase classname="tests.tools.test_tool_conversion.TestToolConversion" name="test_convert_native_tool_passthrough" time="0.537" /><testcase classname="tests.tools.test_tool_conversion.TestToolConversion" name="test_convert_mcp_tool_passthrough" time="0.545" /><testcase classname="tests.tools.test_tool_conversion.TestToolConversion" name="test_convert_mixed_tools" time="0.523" /><testcase classname="tests.tools.test_tool_conversion.TestToolConversion" name="test_convert_empty_list" time="0.512" /><testcase classname="tests.tools.test_tool_conversion.TestToolConversion" name="test_additional_properties_added" time="0.530" /><testcase classname="tests.tools.test_tool_conversion.TestToolConversion" name="test_additional_properties_preserved" time="0.496" /></testsuite></testsuites>